C:\544projects\pid-controller\embsys\implementation\system.ngc 1367823505
C:/544projects/pid-controller/embsys/implementation/system_n3eif_0_wrapper.ngc 1367823424
C:/544projects/pid-controller/embsys/implementation/system_rs232_uart_1_wrapper.ngc 1367823332
C:/544projects/pid-controller/embsys/implementation/system_clock_generator_0_wrapper.ngc 1367823445
C:/544projects/pid-controller/embsys/implementation/system_proc_sys_reset_0_wrapper.ngc 1367823332
C:/544projects/pid-controller/embsys/implementation/system_xps_spi_0_wrapper.ngc 1367823332
C:/544projects/pid-controller/embsys/implementation/system_microblaze_0_wrapper.ngc 1367823332
C:/544projects/pid-controller/embsys/implementation/system_mb_plb_wrapper.ngc 1367823332
C:/544projects/pid-controller/embsys/implementation/system_ilmb_wrapper.ngc 1367823332
C:/544projects/pid-controller/embsys/implementation/system_dlmb_wrapper.ngc 1367823332
C:/544projects/pid-controller/embsys/implementation/system_dlmb_cntlr_wrapper.ngc 1367823332
C:/544projects/pid-controller/embsys/implementation/system_ilmb_cntlr_wrapper.ngc 1367823332
C:/544projects/pid-controller/embsys/implementation/system_micron_ram_wrapper.ngc 1367823332
C:/544projects/pid-controller/embsys/implementation/system_xps_timer_0_wrapper.ngc 1367823332
C:/544projects/pid-controller/embsys/implementation/system_mdm_0_wrapper.ngc 1367823332
C:/544projects/pid-controller/embsys/implementation/system_xps_intc_0_wrapper.ngc 1367823332
C:/544projects/pid-controller/embsys/implementation/system_fit_timer_0_wrapper.ngc 1367823332
C:/544projects/pid-controller/embsys/implementation/system_xps_gpio_0_wrapper.ngc 1367823332
C:/544projects/pid-controller/embsys/implementation/system_lmb_bram_wrapper.ngc 1367823332
C:/544projects/pid-controller/embsys/implementation/system_mem_bus_mux_0_wrapper.ngc 1367823332
OK
